<?xml version="1.0" encoding="utf-8" ?>
<result>
	<nb_total_overall_bandwidth>4437437</nb_total_overall_bandwidth>
	<nb_total_pageview_bandwidth>96764</nb_total_pageview_bandwidth>
	<nb_total_download_bandwidth>4334745</nb_total_download_bandwidth>
</result>